---
source: src/bin_support/embedded.rs
expression: "format!(\"=== macro use ===\\n{}\\n=== cfg glob ===\\n{}\", macro_use.source,\ncfg_glob.source)"
---
=== macro use ===
#[macro_use]
mod custom {
macro_rules! format {
("{CompatParser_ID}") => { "custom" };
}
}
let rendered = format!("{CompatParser_ID}");
=== cfg glob ===
{
#[cfg(not(any()))]
#[allow(unused_imports)]
use __antlr4rust_token_aliases::{CompatParser_ID};
#[cfg(any())]
use missing::*;
CompatParser_ID == 1
}
