---
source: src/bin_support/embedded.rs
expression: lowered.source
---
{
let _localctx = __active_context_view::<SContext<'_, __ActiveParserContext>>(
    &__ctx,
    self.base.active_invocation_states(),
    self.base.parse_tree_storage(),
    self.base.token_store(),
);

            let _literal = r#"recog.output() _localctx.context()"#;
            // recog.input.peek(1)
            let _raw_recog = r#recog.input.peek(1);
            let _raw_context = r#_localctx.context();
            let _qualified = module::recog.input.peek(1);
            let _before: &'a str = "before";
            let _token = __Antlr4RustInput(self.base.token_stream()).lt(-offset);
            let _probe = Probe { token: __Antlr4RustInput(self.base.token_stream()).la(1) };
            let _kind = CompatParser_ID;
            let _after: &'b str = "after";
            _localctx.as_ref().is_some()
}
