---
source: src/bin_support/embedded.rs
expression: lowered.source
---
{
#[allow(unused_imports)]
use __antlr4rust_token_aliases::{CompatParser_IMPL_ITEM};
macro_rules! define_module_alias {
($i:ident) => { pub(super) fn value() -> i32 { $i } };
}
macro_rules! define_impl_alias {
($i:ident) => { fn value() -> i32 { $i } };
}
mod nested {
#[allow(unused_imports)]
use super::__antlr4rust_token_aliases::{CompatParser_MODULE_ITEM};
define_module_alias!(CompatParser_MODULE_ITEM);
}
struct Local;
impl Local {
define_impl_alias!(CompatParser_IMPL_ITEM);
}
nested::value() > 0 && Local::value() > 0
}
