---
source: src/bin_support/embedded.rs
expression: lowered.source
---
{
macro_rules! identifier_name {
($i:ident) => { stringify!($i) };
}
let receiver = stringify!(recog);
let context = identifier_name!(_localctx);
#[cfg_attr(any(), allow(recog, _localctx))]
let attribute = true;
receiver == "recog" && context == "_localctx" && attribute
}
