---
source: src/bin_support/embedded.rs
expression: lowered.source
---
{
let before = __antlr4rust_token_aliases::ScopeParser_ID;
{ let ScopeParser_ID = 99; let inside = ScopeParser_ID; assert_eq!(inside, 99); }
#[cfg(any())]
use crate::OTHER as ScopeParser_ID;
let after_cfg = __antlr4rust_token_aliases::ScopeParser_ID;
let after = __antlr4rust_token_aliases::ScopeParser_ID;
let inline_const = const { __antlr4rust_token_aliases::ScopeParser_ID };
let const_condition = if let Some(ScopeParser_ID @ _) = const { Some(8) } {
ScopeParser_ID == 8
} else { false };
let closure = |ScopeParser_ID| ScopeParser_ID;
let nested = |_outer| |ScopeParser_ID: i32| ScopeParser_ID;
before == after && after_cfg == before && inline_const == before
&& const_condition
&& closure(7) == 7 && nested(1)(2) == 2
&& matches!(before, __antlr4rust_token_aliases::ScopeParser_ID)
}
