---
source: src/bin_support/embedded.rs
expression: members.fields
---
[
    MemberField {
        source: SourceId(
            0,
        ),
        attributes: "",
        name: "i",
        ty: "i32",
        init: "0",
    },
    MemberField {
        source: SourceId(
            0,
        ),
        attributes: "#[field_attr(nested[0])]\n#[cfg(any())]\n",
        name: "conditional_field",
        ty: "i32",
        init: "1",
    },
    MemberField {
        source: SourceId(
            0,
        ),
        attributes: "",
        name: "array_field",
        ty: "[u8; AliasTypeParser_ID as usize]",
        init: "[0; AliasTypeParser_ID as usize]",
    },
]
