---
source: crates/antlr-rust-codegen/src/embedded/mod.rs
assertion_line: 7693
expression: lowered.source
---
{
let before = ScopeParser_ID;
{ let ScopeParser_ID = 99; let inside = ScopeParser_ID; assert_eq!(inside, 99); }
#[cfg(not(any()))]
#[allow(unused_imports)]
use __antlr4rust_token_aliases::{ScopeParser_ID};
#[cfg(any())]
use crate::OTHER as ScopeParser_ID;
let after_cfg = ScopeParser_ID;
let after = ScopeParser_ID;
let inline_const = const { ScopeParser_ID };
let const_condition = if let Some(ScopeParser_ID @ _) = const { Some(8) } {
ScopeParser_ID == 8
} else { false };
let closure = |ScopeParser_ID| ScopeParser_ID;
let nested = |_outer| |ScopeParser_ID: i32| ScopeParser_ID;
let turbofish_match = match Some(5) {
Some(ScopeParser_ID @ _) =>
Ok::<i32, ()>(ScopeParser_ID).unwrap() == 5,
None => false,
};
let closure_match = match 1 {
ScopeParser_ID @ _ =>
(move |x, y| ScopeParser_ID + x + y)(2, 3) == 6,
};
before == after && after_cfg == before && inline_const == before
&& const_condition
&& turbofish_match && closure_match
&& closure(7) == 7 && nested(1)(2) == 2
&& matches!(before, ScopeParser_ID)
}
