---
source: crates/antlr-rust-codegen/src/embedded/mod.rs
assertion_line: 7819
expression: lowered.source
---
{
struct Fields {
#[cfg(any())]
CfgParser_MATCH: i32,
}
let fields = Fields {};
let matched = Some({
#[cfg(not(any()))]
#[allow(non_snake_case, unused_variables)]
let CfgParser_MATCH = __antlr4rust_token_aliases::CfgParser_MATCH;
match fields {
Fields {
#[cfg(any())]
CfgParser_MATCH,
} if CfgParser_MATCH > 0 => true,
_ => false,
}
});
matched == Some(true)
}
