---
source: crates/antlr-rust-codegen/src/embedded/mod.rs
assertion_line: 7336
expression: lowered.source
---
{
macro_rules! assert { (CompatParser_ID) => { true }; }
let shadowed = {
mod __antlr4rust_opaque_aliases_70 {
    #[allow(unused_imports)]
    pub(super) use super::__antlr4rust_token_aliases::{CompatParser_ID};
}
#[allow(unused_imports)]
use __antlr4rust_opaque_aliases_70::*;
assert!(CompatParser_ID)
};
let builtin = matches!(kind, __antlr4rust_token_aliases::CompatParser_ID);
#[cfg(CompatParser_ID)] let guarded = 1;
shadowed && builtin && guarded == __antlr4rust_token_aliases::CompatParser_ID
}
