---
source: crates/antlr-rust-codegen/src/embedded/mod.rs
assertion_line: 7855
expression: lowered.source
---
{
struct Fields {
#[cfg(any())]
CfgParser_FOR: i32,
}
let mut found = false;
for Fields {
#[cfg(any())]
CfgParser_FOR,
} in [Fields {}] {
#[cfg(not(any()))]
#[allow(non_snake_case, unused_variables)]
let CfgParser_FOR = __antlr4rust_token_aliases::CfgParser_FOR;
found = CfgParser_FOR > 0;
}
found
}
