---
source: crates/antlr-rust-codegen/src/embedded/mod.rs
assertion_line: 7895
expression: lowered.source
---
{
struct Fields {
#[cfg(any())]
CfgParser_MATCHES: i32,
}
let direct = {
#[cfg(not(any()))]
#[allow(non_snake_case, unused_variables)]
let CfgParser_MATCHES = __antlr4rust_token_aliases::CfgParser_MATCHES;
matches!(
Fields {},
Fields {
#[cfg(any())]
CfgParser_MATCHES,
} if CfgParser_MATCHES > 0,
)
};
let standard = {
#[cfg(not(any()))]
#[allow(non_snake_case, unused_variables)]
let CfgParser_MATCHES = __antlr4rust_token_aliases::CfgParser_MATCHES;
std::matches!(
Fields {},
Fields {
#[cfg(any())]
CfgParser_MATCHES,
} if CfgParser_MATCHES > 0,
)
};
direct && standard
}
