---
source: crates/antlr-rust-codegen/src/semantics/stack_member.rs
assertion_line: 784
expression: "format!(\"{out}        // root: {root}\")"
---
        let __member_expr_0 = ir.expr(antlr4_runtime::semir::PExpr::Int(-1));
        let __member_stmt_1 = ir.stmt(antlr4_runtime::semir::AStmt::AddMember(0, __member_expr_0));
        let __member_stmt_2 = ir.stmt(antlr4_runtime::semir::AStmt::PopMember(0));
        let __member_expr_3 = ir.expr(antlr4_runtime::semir::PExpr::MemberTop(0));
        let __member_stmt_4 = ir.stmt(antlr4_runtime::semir::AStmt::SetMember(1, __member_expr_3));
        let __member_stmt_5 = ir.stmt(antlr4_runtime::semir::AStmt::Seq([__member_stmt_1, __member_stmt_2, __member_stmt_4].into()));
        // root: __member_stmt_5
