---
source: crates/antlr-rust-codegen/src/semantics/stack_member.rs
assertion_line: 746
expression: lowered
---
[
    Seq(
        [
            Add(
                0,
                Int(
                    1,
                ),
            ),
            Push(
                0,
                Bool(
                    false,
                ),
            ),
            Set(
                1,
                Bool(
                    false,
                ),
            ),
        ],
    ),
    Seq(
        [
            Add(
                0,
                Int(
                    1,
                ),
            ),
            Push(
                0,
                Bool(
                    true,
                ),
            ),
            Set(
                1,
                Bool(
                    true,
                ),
            ),
        ],
    ),
    Push(
        1,
        Int(
            1,
        ),
    ),
    Seq(
        [
            Add(
                0,
                Int(
                    -1,
                ),
            ),
            Pop(
                0,
            ),
            Set(
                1,
                MemberTop(
                    0,
                ),
            ),
        ],
    ),
    Pop(
        1,
    ),
]
