---
source: crates/antlr-rust-codegen/tests/antlr4_rust_gen_cli/cli.rs
expression: normalize_current_package_version(&checks)
---
lexer: antlr4_runtime::__antlr4_rust_require_codegen_api!(13, "<generator-version>");
parser: antlr4_runtime::__antlr4_rust_require_codegen_api!(13, "<generator-version>");
