---
source: crates/antlr-rust-codegen/tests/antlr4_rust_gen_cli/semantics.rs
expression: "serde_json::to_string_pretty(predicate).expect(\"predicate should serialize\")"
---
{
  "atn_state": null,
  "body": "recog.IsOk()",
  "column": 6,
  "disposition": "hooked",
  "index": 0,
  "kind": "parser-predicate",
  "line": 8,
  "rule": "shl",
  "rule_index": 0,
  "template": "Hook"
}
