---
source: tests/antlr4_rust_gen_cli/compatibility.rs
expression: "&java_parser[live_context..live_context + live_context_end + 1]"
---
__active_context_view_with_attrs::<LiveAttributesContext<'_, __ActiveParserContext>>(
    &__ctx,
    &__attrs,
    self.base.active_invocation_states(),
    self.base.parse_tree_storage(),
    self.base.token_store(),
)
