---
source: tests/antlr4_rust_gen_cli/transforms.rs
expression: stderr
---
warning[G4S078]: <grammar>:28:0: parser rule deadRoot is unreachable from entry rules start, script, alternate, manual
warning[G4S078]: <grammar>:32:0: parser rule deadHelper is unreachable from entry rules start, script, alternate, manual
pruned: <grammar>:28:0: unreachable parser rule ReachabilityParser.deadRoot
pruned: <grammar>:32:0: unreachable parser rule ReachabilityParser.deadHelper
