---
source: crates/antlr-rust-codegen/tests/antlr4_rust_gen_cli/compatibility.rs
expression: "unrelated_context.lines().map(str::trim).filter(|line|\n{\n    line.starts_with(\"pub fn \") ||\n    [\"rule \", \"token \", \"label_rule \",\n    \"label_token \"].iter().any(|kind| line.starts_with(kind))\n}).collect::<Vec<_>>().join(\"\\n\")"
---
rule text_rule_child: required(TextContext[12], "text"),
token eof_token: required(-1, "EOF"),
token identifier_token: required(11, "IDENTIFIER"),
