---
source: crates/antlr-rust-codegen/tests/antlr4_rust_gen_cli/transforms.rs
expression: diagnostics
---
[
    (
        "DuplicateRule",
        "--optimize-precedence-ladders",
        "Error: antlr4_rust_codegen::compilation\n\n  × grammar compilation failed with 1 error(s)\n\nError: G4S002\n\n  × rule low is redefined\n   ╭─[$TMP/DuplicateRule/DuplicateRule.g4:5:1]\n 4 │ low : atom ('*' atom)* ;\n 5 │ low : atom ;\n   · ────────────\n 6 │ atom : INT ;\n   ╰────\n\n",
    ),
    (
        "DuplicateRule",
        "--report-precedence-ladders",
        "Error: antlr4_rust_codegen::compilation\n\n  × grammar compilation failed with 1 error(s)\n\nError: G4S002\n\n  × rule low is redefined\n   ╭─[$TMP/DuplicateRule/DuplicateRule.g4:5:1]\n 4 │ low : atom ('*' atom)* ;\n 5 │ low : atom ;\n   · ────────────\n 6 │ atom : INT ;\n   ╰────\n\n",
    ),
    (
        "DuplicateLabel",
        "--optimize-precedence-ladders",
        "Error: antlr4_rust_codegen::compilation\n\n  × grammar compilation failed with 1 error(s)\n\nError: G4S013\n\n  × alternative label Shared is redefined\n   ╭─[$TMP/DuplicateLabel/DuplicateLabel.g4:4:26]\n 3 │ high : low ('+' low)* # Shared ;\n 4 │ low : atom ('*' atom)* # Shared ;\n   ·                          ──────\n 5 │ atom : INT ;\n   ╰────\n\n",
    ),
    (
        "DuplicateLabel",
        "--report-precedence-ladders",
        "Error: antlr4_rust_codegen::compilation\n\n  × grammar compilation failed with 1 error(s)\n\nError: G4S013\n\n  × alternative label Shared is redefined\n   ╭─[$TMP/DuplicateLabel/DuplicateLabel.g4:4:26]\n 3 │ high : low ('+' low)* # Shared ;\n 4 │ low : atom ('*' atom)* # Shared ;\n   ·                          ──────\n 5 │ atom : INT ;\n   ╰────\n\n",
    ),
]
