---
source: tests/antlr4_rust_gen_cli.rs
expression: alias_excerpt
---
struct TypePositionParser_ID {
pub(super) const TypePositionParser_ID: i32 = 1;
let _unicode = "é"; let _: Option<TypePositionParser_ID> =
Self::preserve_generic::<TypePositionParser_ID>(None);
__antlr4rust_token_aliases::TypePositionParser_ID == ID
fn preserve_generic<TypePositionParser_ID>(
value: Option<TypePositionParser_ID>,
) -> Option<TypePositionParser_ID> {
