---
source: tests/antlr4_rust_gen_cli.rs
expression: "diagnostics.join(\"\\n\")"
---
Error: Custom { kind: InvalidData, error: "$GRAMMAR:4:6: cannot lower embedded parser predicate coordinate (0, 0) in rule start: antlr4rust compatibility lowering: unsupported `recog.input.peek` accessor" }

Error: Custom { kind: InvalidData, error: "$GRAMMAR:4:6: cannot lower embedded parser predicate coordinate (0, 0) in rule start: antlr4rust compatibility lowering: unsupported `_localctx.context` accessor" }

Error: Custom { kind: InvalidData, error: "$GRAMMAR:4:6: cannot lower embedded parser predicate coordinate (0, 0) in rule start: antlr4rust compatibility lowering: `recog.input.la` accepts exactly one offset argument" }

Error: Custom { kind: InvalidData, error: "$GRAMMAR:4:6: cannot lower embedded parser @init in rule start (0): antlr4rust compatibility lowering: unsupported `recog.input.peek` accessor" }

Error: Custom { kind: InvalidData, error: "$GRAMMAR:4:7: cannot lower embedded parser @after in rule start (0): antlr4rust compatibility lowering: unsupported `recog.input.peek` accessor" }

Error: Custom { kind: InvalidData, error: "$GRAMMAR:3:7: cannot lower embedded lexer action coordinate (0, 0) in rule A: antlr4rust compatibility lowering: `recog.input` is only supported in embedded parser bodies" }
