---
source: tests/antlr4_rust_gen_cli.rs
expression: "format!(\"=== C ===\\n{}\\n=== Java ===\\n{}\", excerpt(&c_parser),\nexcerpt(&java_parser))"
---
=== C ===
struct __Antlr4RustInput<'a, L: TokenSource>(&'a CommonTokenStream<L>);
impl<L: TokenSource> __Antlr4RustInput<'_, L> {
fn lt(&self, offset: isize) -> Option<__Antlr4RustTokenView<'_>> {
self.0.lt(offset).map(__Antlr4RustTokenView)
struct __Antlr4RustTokenView<'a>(antlr4_runtime::TokenView<'a>);
impl __Antlr4RustTokenView<'_> {
const CCompatParser_EOF: i32 = antlr4_runtime::TOKEN_EOF;
const CCompatParser_ASSIGN: i32 = 1;
const CCompatParser_IDENTIFIER: i32 = 2;
const CCompatParser_WS: i32 = 3;
let __first = __Antlr4RustInput(self.base.token_stream()).lt(1)
let __eof = __Antlr4RustInput(self.base.token_stream()).lt(4)
__first == Some((CCompatParser_IDENTIFIER, "left".to_owned()))
&& __Antlr4RustInput(self.base.token_stream()).la(1) == CCompatParser_IDENTIFIER
&& __Antlr4RustInput(self.base.token_stream()).la(2) == CCompatParser_ASSIGN
&& __Antlr4RustInput(self.base.token_stream()).lt(5).is_none()
let (__last_type, __last_text) = __Antlr4RustInput(self.base.token_stream()).lt(-__bk)
let __first_text = __Antlr4RustInput(self.base.token_stream()).lt(-__bk)
__last_type == CCompatParser_IDENTIFIER
&& __Antlr4RustInput(self.base.token_stream()).lt(-3).is_none()
let __text = __Antlr4RustInput(self.base.token_stream()).lt(-__ek)
=== Java ===
struct __Antlr4RustInput<'a, L: TokenSource>(&'a CommonTokenStream<L>);
impl<L: TokenSource> __Antlr4RustInput<'_, L> {
fn lt(&self, offset: isize) -> Option<__Antlr4RustTokenView<'_>> {
self.0.lt(offset).map(__Antlr4RustTokenView)
struct __Antlr4RustTokenView<'a>(antlr4_runtime::TokenView<'a>);
impl __Antlr4RustTokenView<'_> {
const JavaCompatParser_EOF: i32 = antlr4_runtime::TOKEN_EOF;
const JavaCompatParser_ASSIGN: i32 = 1;
const JavaCompatParser_COMMA: i32 = 2;
const JavaCompatParser_ELLIPSIS: i32 = 3;
const JavaCompatParser_MODULE: i32 = 4;
const JavaCompatParser_IDENTIFIER: i32 = 5;
const JavaCompatParser_WS: i32 = 6;
pub fn recordComponent_all(&self) -> Vec<RecordComponentContext<'a>> {
pub fn ELLIPSIS(&self) -> Option<TerminalNode<'a>> {
pub fn recordComponent_all(&self) -> Vec<RecordComponentContext<'a>> {
__Antlr4RustInput(self.base.token_stream()).la(1),
JavaCompatParser_IDENTIFIER | JavaCompatParser_MODULE
) || __Antlr4RustInput(self.base.token_stream()).la(2) != JavaCompatParser_ASSIGN
__Antlr4RustInput(self.base.token_stream()).la(1) == antlr4_runtime::TOKEN_EOF
&& __Antlr4RustInput(self.base.token_stream()).la(2) == antlr4_runtime::TOKEN_EOF
let _localctx = __active_context_view::<RecordComponentListContext<'_, __ActiveParserContext>>(
let rcs = ctx.recordComponent_all();
let _localctx = __active_context_view::<RecordComponentListContext<'_, __ActiveParserContext>>(
let rcs = ctx.recordComponent_all();
let _localctx = __active_context_view::<RecordComponentListContext<'_, __ActiveParserContext>>(
let rcs = ctx.recordComponent_all();
let _localctx = __active_context_view::<RecordComponentListContext<'_, __ActiveParserContext>>(
let rcs = ctx.recordComponent_all();
