---
source: crates/antlr-rust-codegen/src/generator/tests.rs
expression: "rendered_context_impl(&rendered, \"GroupedContext\")"
---
        rule unary_children: many(UnaryContext[4]),
        token in_token: optional(7),
        token star_token: optional(8),
        token ident_token: optional(13),
        token num_token: required(14, "NUM"),
        token comma_tokens: many(15),
        label_token doc: optional(nth(0), [13]),
        label_rule errors: many(skip(0), UnaryContext[4]),
        label_token oneway: optional(nth(0), [8]),
