---
source: crates/antlr-rust-codegen/src/generator/tests.rs
expression: rendered_generated_rule_methods(&rendered)
---
    #[allow(dead_code)]
    fn parse_generated_rule_0_dispatch(&mut self, precedence: i32, allow_fallback: bool) -> Result<antlr4_runtime::ParseTree, GeneratedRuleError> {
        let _ = precedence;
        antlr4_runtime::__antlr4_rust_generated_rule! { dispatch self, 0, GeneratedRuleError::Fatal; self.parse_generated_rule_0(precedence, allow_fallback) }
    }

    #[allow(dead_code)]
    fn parse_generated_rule_0(&mut self, __precedence: i32, allow_fallback: bool) -> Result<antlr4_runtime::ParseTree, GeneratedRuleError> {
        let _ = __precedence;
        antlr4_runtime::__antlr4_rust_generated_rule! {
            ordinary self, 0isize, 0, allow_fallback, atn(), GeneratedRuleError::Fatal;
            retry [adaptive];
            bind (__ctx, __rule_start, __consumed_eof, __sync_error);
            setup {}
            body {
                self.base.match_token_into(1, 2, atn(), &mut __ctx, &mut __consumed_eof)?;
            }
            success {}
            recovery {}
        }
    }
