---
source: crates/antlr-rust-codegen/src/generator/tests.rs
expression: "rendered_context_impl(&rendered, \"DirectOptionalInSharedBlockContext\")"
---
        token star_token: optional(8),
        token slash_token: optional(9),
        token plus_token: optional(11),
        token minus_token: optional(12),
        token num_token: optional(14),
