---
source: crates/antlr-rust-codegen/src/generator/tests.rs
expression: context_surface
---
ExpressionContext

    pub fn expression_children(&self) -> impl Iterator<Item = ExpressionContext<'a>> + '_ {
        __rule_children(self.__node, 1)
            .map(move |node| ExpressionContext::__from_child_node(node, self.__invocation_states.as_deref()))
    }
    pub fn identifier(&self) -> Option<IdentifierContext<'a>> {
        __rule_children(self.__node, 4)
            .next()
            .map(|node| IdentifierContext::__from_child_node(node, self.__invocation_states.as_deref()))
    }
    pub fn le_token(&self) -> Option<TerminalNode<'a>> {
        __token_children(self.__node, 1)
            .next()
            .map(TerminalNode::new)
    }
    pub fn ge_token(&self) -> Option<TerminalNode<'a>> {
        __token_children(self.__node, 2)
            .next()
            .map(TerminalNode::new)
    }
    pub fn equal_token(&self) -> Option<TerminalNode<'a>> {
        __token_children(self.__node, 3)
            .next()
            .map(TerminalNode::new)
    }
    pub fn notequal_token(&self) -> Option<TerminalNode<'a>> {
        __token_children(self.__node, 4)
            .next()
            .map(TerminalNode::new)
    }
    pub fn assign_token(&self) -> Option<TerminalNode<'a>> {
        __token_children(self.__node, 5)
            .next()
            .map(TerminalNode::new)
    }
    pub fn add_assign_token(&self) -> Option<TerminalNode<'a>> {
        __token_children(self.__node, 6)
            .next()
            .map(TerminalNode::new)
    }
    pub fn bop(&self) -> Option<TerminalNode<'a>> {
        __labeled_token_children_matching(self.__node, &[1, 2, 3, 4, 5, 6])
            .nth(0)
            .map(TerminalNode::new)
    }
}

#[allow(dead_code, clippy::all)]
impl<'a> ExpressionContext<'a, ValidatedTreeContext> {
    pub fn expression_children(&self) -> impl Iterator<Item = ExpressionContext<'a, ValidatedTreeContext>> + '_ {
        __rule_children(self.__node, 1)
            .map(move |node| ExpressionContext::<ValidatedTreeContext>::__from_validated_child_node(node, self.__invocation_states.as_deref()))
    }
    pub fn identifier(&self) -> Option<IdentifierContext<'a, ValidatedTreeContext>> {
        __rule_children(self.__node, 4)
            .next()
            .map(|node| IdentifierContext::<ValidatedTreeContext>::__from_validated_child_node(node, self.__invocation_states.as_deref()))
    }
    pub fn le_token(&self) -> Option<TerminalNode<'a>> {
        __token_children(self.__node, 1)
            .next()
            .map(TerminalNode::new)
    }
    pub fn ge_token(&self) -> Option<TerminalNode<'a>> {
        __token_children(self.__node, 2)
            .next()
            .map(TerminalNode::new)
    }
    pub fn equal_token(&self) -> Option<TerminalNode<'a>> {
        __token_children(self.__node, 3)
            .next()
            .map(TerminalNode::new)
    }
    pub fn notequal_token(&self) -> Option<TerminalNode<'a>> {
        __token_children(self.__node, 4)
            .next()
            .map(TerminalNode::new)
    }
    pub fn assign_token(&self) -> Option<TerminalNode<'a>> {
        __token_children(self.__node, 5)
            .next()
            .map(TerminalNode::new)
    }
    pub fn add_assign_token(&self) -> Option<TerminalNode<'a>> {
        __token_children(self.__node, 6)
            .next()
            .map(TerminalNode::new)
    }
    pub fn bop(&self) -> Option<TerminalNode<'a>> {
        __labeled_token_children_matching(self.__node, &[1, 2, 3, 4, 5, 6])
            .nth(0)
            .map(TerminalNode::new)
    }
}
OperatorSequenceContext

    pub fn le_tokens(&self) -> impl Iterator<Item = TerminalNode<'a>> + '_ {
        __token_children(self.__node, 1).map(TerminalNode::new)
    }
    pub fn ge_tokens(&self) -> impl Iterator<Item = TerminalNode<'a>> + '_ {
        __token_children(self.__node, 2).map(TerminalNode::new)
    }
    pub fn equal_tokens(&self) -> impl Iterator<Item = TerminalNode<'a>> + '_ {
        __token_children(self.__node, 3).map(TerminalNode::new)
    }
    pub fn notequal_tokens(&self) -> impl Iterator<Item = TerminalNode<'a>> + '_ {
        __token_children(self.__node, 4).map(TerminalNode::new)
    }
    pub fn assign_tokens(&self) -> impl Iterator<Item = TerminalNode<'a>> + '_ {
        __token_children(self.__node, 5).map(TerminalNode::new)
    }
    pub fn add_assign_tokens(&self) -> impl Iterator<Item = TerminalNode<'a>> + '_ {
        __token_children(self.__node, 6).map(TerminalNode::new)
    }
}

#[allow(dead_code, clippy::all)]
impl<'a> OperatorSequenceContext<'a, ValidatedTreeContext> {
    pub fn le_tokens(&self) -> impl Iterator<Item = TerminalNode<'a>> + '_ {
        __token_children(self.__node, 1).map(TerminalNode::new)
    }
    pub fn ge_tokens(&self) -> impl Iterator<Item = TerminalNode<'a>> + '_ {
        __token_children(self.__node, 2).map(TerminalNode::new)
    }
    pub fn equal_tokens(&self) -> impl Iterator<Item = TerminalNode<'a>> + '_ {
        __token_children(self.__node, 3).map(TerminalNode::new)
    }
    pub fn notequal_tokens(&self) -> impl Iterator<Item = TerminalNode<'a>> + '_ {
        __token_children(self.__node, 4).map(TerminalNode::new)
    }
    pub fn assign_tokens(&self) -> impl Iterator<Item = TerminalNode<'a>> + '_ {
        __token_children(self.__node, 5).map(TerminalNode::new)
    }
    pub fn add_assign_tokens(&self) -> impl Iterator<Item = TerminalNode<'a>> + '_ {
        __token_children(self.__node, 6).map(TerminalNode::new)
    }
}
EofChoiceContext

    pub fn eof_token(&self) -> Option<TerminalNode<'a>> {
        __token_children(self.__node, -1)
            .next()
            .map(TerminalNode::new)
    }
    pub fn le_token(&self) -> Option<TerminalNode<'a>> {
        __token_children(self.__node, 1)
            .next()
            .map(TerminalNode::new)
    }
}

#[allow(dead_code, clippy::all)]
impl<'a> EofChoiceContext<'a, ValidatedTreeContext> {
    pub fn eof_token(&self) -> Option<TerminalNode<'a>> {
        __token_children(self.__node, -1)
            .next()
            .map(TerminalNode::new)
    }
    pub fn le_token(&self) -> Option<TerminalNode<'a>> {
        __token_children(self.__node, 1)
            .next()
            .map(TerminalNode::new)
    }
}
