---
source: crates/antlr-rust-codegen/src/generator/tests.rs
expression: "rendered_context_impl(&rendered, \"MixedRepetitionContext\")"
---
        token star_token: optional(8),
        token slash_token: optional(9),
        token plus_tokens: many(11),
        token minus_tokens: many(12),
        token num_token: required(14, "NUM"),
        label_token latest: required(last_after(0), [8, 9, 11, 12], "latest"),
