---
source: crates/antlr-rust-codegen/src/generator/tests.rs
expression: "rendered_context_impl(&rendered, \"OptionalPrefixContext\")"
---

    pub fn unary_children(&self) -> impl Iterator<Item = UnaryContext<'a>> + '_ {
        __rule_children(self.__node, 4)
            .map(move |node| UnaryContext::__from_child_node(node, self.__invocation_states.as_deref()))
    }
    pub fn num_token(&self) -> Result<TerminalNode<'a>, MissingChildError> {
        __token_children(self.__node, 14)
            .next()
            .map(TerminalNode::new)
            .ok_or_else(|| MissingChildError::new("OptionalPrefixContext", "NUM"))
    }
}

#[allow(dead_code, clippy::all)]
impl<'a> OptionalPrefixContext<'a, ValidatedTreeContext> {
    pub fn unary_children(&self) -> impl Iterator<Item = UnaryContext<'a, ValidatedTreeContext>> + '_ {
        __rule_children(self.__node, 4)
            .map(move |node| UnaryContext::<ValidatedTreeContext>::__from_validated_child_node(node, self.__invocation_states.as_deref()))
    }
    pub fn num_token(&self) -> TerminalNode<'a> {
        let Some(node) = __token_children(self.__node, 14).next() else {
            unreachable!("validated OptionalPrefixContext is missing required child NUM")
        };
        TerminalNode::new(node)
    }
}
