---
source: crates/antlr-rust-codegen/src/generator/tests.rs
expression: context_surface
---
StartContext
        rule direct_terminals_rule_child: required(DirectTerminalsContext[1], "directTerminals"),
        rule labeled: required(LabeledContext[2], "labeled"),
        token eof_token: required(-1, "EOF"),
LabeledContext
        token id_token: required(1, "ID"),
        label_token direct_terminals_label: required(nth(0), [1], "direct_terminals"),
