---
source: crates/antlr-rust-codegen/src/generator/tests.rs
expression: "rendered_context_impl(&rendered, \"MixedContext\")"
---

    pub fn unary_children(&self) -> impl Iterator<Item = UnaryContext<'a>> + '_ {
        __rule_children(self.__node, 4)
            .map(move |node| UnaryContext::__from_child_node(node, self.__invocation_states.as_deref()))
    }
    pub fn param_children(&self) -> impl Iterator<Item = ParamContext<'a>> + '_ {
        __rule_children(self.__node, 8)
            .map(move |node| ParamContext::__from_child_node(node, self.__invocation_states.as_deref()))
    }
    pub fn in_token(&self) -> Option<TerminalNode<'a>> {
        __token_children(self.__node, 7)
            .next()
            .map(TerminalNode::new)
    }
    pub fn comma_tokens(&self) -> impl Iterator<Item = TerminalNode<'a>> + '_ {
        __token_children(self.__node, 15).map(TerminalNode::new)
    }
    pub fn lparen_token(&self) -> Result<TerminalNode<'a>, MissingChildError> {
        __token_children(self.__node, 16)
            .next()
            .map(TerminalNode::new)
            .ok_or_else(|| MissingChildError::new("MixedContext", "LPAREN"))
    }
    pub fn rparen_token(&self) -> Result<TerminalNode<'a>, MissingChildError> {
        __token_children(self.__node, 17)
            .next()
            .map(TerminalNode::new)
            .ok_or_else(|| MissingChildError::new("MixedContext", "RPAREN"))
    }
    pub fn errors(&self) -> impl Iterator<Item = UnaryContext<'a>> + '_ {
        __rule_children(self.__node, 4)
            .skip(1)
            .map(move |node| UnaryContext::__from_child_node(node, self.__invocation_states.as_deref()))
    }
    pub fn name(&self) -> Result<UnaryContext<'a>, MissingChildError> {
        __rule_children(self.__node, 4)
            .nth(0)
            .map(|node| UnaryContext::__from_child_node(node, self.__invocation_states.as_deref()))
            .ok_or_else(|| MissingChildError::new("MixedContext", "name"))
    }
}

#[allow(dead_code, clippy::all)]
impl<'a> MixedContext<'a, ValidatedTreeContext> {
    pub fn unary_children(&self) -> impl Iterator<Item = UnaryContext<'a, ValidatedTreeContext>> + '_ {
        __rule_children(self.__node, 4)
            .map(move |node| UnaryContext::<ValidatedTreeContext>::__from_validated_child_node(node, self.__invocation_states.as_deref()))
    }
    pub fn param_children(&self) -> impl Iterator<Item = ParamContext<'a, ValidatedTreeContext>> + '_ {
        __rule_children(self.__node, 8)
            .map(move |node| ParamContext::<ValidatedTreeContext>::__from_validated_child_node(node, self.__invocation_states.as_deref()))
    }
    pub fn in_token(&self) -> Option<TerminalNode<'a>> {
        __token_children(self.__node, 7)
            .next()
            .map(TerminalNode::new)
    }
    pub fn comma_tokens(&self) -> impl Iterator<Item = TerminalNode<'a>> + '_ {
        __token_children(self.__node, 15).map(TerminalNode::new)
    }
    pub fn lparen_token(&self) -> TerminalNode<'a> {
        let Some(node) = __token_children(self.__node, 16).next() else {
            unreachable!("validated MixedContext is missing required child LPAREN")
        };
        TerminalNode::new(node)
    }
    pub fn rparen_token(&self) -> TerminalNode<'a> {
        let Some(node) = __token_children(self.__node, 17).next() else {
            unreachable!("validated MixedContext is missing required child RPAREN")
        };
        TerminalNode::new(node)
    }
    pub fn errors(&self) -> impl Iterator<Item = UnaryContext<'a, ValidatedTreeContext>> + '_ {
        __rule_children(self.__node, 4)
            .skip(1)
            .map(move |node| UnaryContext::<ValidatedTreeContext>::__from_validated_child_node(node, self.__invocation_states.as_deref()))
    }
    pub fn name(&self) -> UnaryContext<'a, ValidatedTreeContext> {
        let Some(node) = __rule_children(self.__node, 4)
            .nth(0)
        else {
            unreachable!("validated MixedContext is missing required child name")
        };
        UnaryContext::<ValidatedTreeContext>::__from_validated_child_node(
            node,
            self.__invocation_states.as_deref(),
        )
    }
}
