---
source: crates/antlr-rust-codegen/src/generator/tests.rs
expression: context_surface
---
ExpressionContext
        rule expression_children: many(ExpressionContext[1]),
        rule identifier: optional(IdentifierContext[4]),
        token le_token: optional(1),
        token ge_token: optional(2),
        token equal_token: optional(3),
        token notequal_token: optional(4),
        token assign_token: optional(5),
        token add_assign_token: optional(6),
        label_token bop: optional(nth(0), [1, 2, 3, 4, 5, 6]),
OperatorSequenceContext
        token le_tokens: many(1),
        token ge_tokens: many(2),
        token equal_tokens: many(3),
        token notequal_tokens: many(4),
        token assign_tokens: many(5),
        token add_assign_tokens: many(6),
EofChoiceContext
        token eof_token: optional(-1),
        token le_token: optional(1),
