---
source: crates/antlr-rust-codegen/src/generator/tests.rs
expression: e_context
---
        rule e_children: many(EContext[1]),
        token int_token: optional(1),
        token star_token: optional(2),
        token plus_token: optional(3),
        label_rule left: optional(nth(0), EContext[1]),
        label_rule right: optional(nth(1), EContext[1]),
