---
source: crates/antlr-rust-codegen/src/generator/tests.rs
expression: "&convenience"
---
/// Lexes UTF-8 text into an eagerly filled token stream without constructing
/// a parser.
///
/// The stream retains every emitted token, including EOF and tokens on hidden
/// or custom channels. Lexer rules using `skip` do not emit tokens.
///
/// With `use antlr4_runtime::Token as _;`, print each token's vocabulary name,
/// numeric channel, and text:
/// `let vocabulary = metadata().vocabulary(); for token in lex(src, TLexer::new).tokens() { println!("type={} channel={} text={:?}", vocabulary.display_name(token.token_type()), token.channel(), token.text()); }`
///
/// `number_of_source_errors()` reports buffered lexer diagnostics. After
/// iterating `tokens()`, `drain_source_errors()` retrieves those diagnostics.
///
/// # Panics
///
/// Panics if buffering returns an [`antlr4_runtime::TokenStoreError`]. Construct
/// the lexer and call [`antlr4_runtime::CommonTokenStream::try_new`] to handle
/// that error instead.
pub fn lex<L: antlr4_runtime::TokenSource>(
    input: impl AsRef<str>,
    lexer: impl FnOnce(antlr4_runtime::InputStream) -> L,
) -> antlr4_runtime::CommonTokenStream<L> {
    lex_stream(antlr4_runtime::InputStream::new(input.as_ref()), lexer)
}

/// Lexes a caller-provided character stream without constructing a parser.
///
/// Unlike [`lex`], this accepts any [`antlr4_runtime::CharStream`], including a
/// named [`antlr4_runtime::InputStream`] or a byte-oriented
/// [`antlr4_runtime::ByteStream`].
///
/// `number_of_source_errors()` reports buffered lexer diagnostics. After
/// iterating `tokens()`, `drain_source_errors()` retrieves those diagnostics.
///
/// # Panics
///
/// Panics if buffering returns an [`antlr4_runtime::TokenStoreError`]. Call
/// [`antlr4_runtime::CommonTokenStream::try_new`] with the constructed lexer to
/// handle that error instead.
pub fn lex_stream<I: antlr4_runtime::CharStream, L: antlr4_runtime::TokenSource>(
    input: I,
    lexer: impl FnOnce(I) -> L,
) -> antlr4_runtime::CommonTokenStream<L> {
    antlr4_runtime::CommonTokenStream::new(lexer(input))
}
