---
source: crates/antlr-rust-codegen/src/generator/tests.rs
expression: "rendered_context_impl(&rendered, \"MergedRepeatsContext\")"
---
        token ident_tokens: many(13),
        token num_tokens: many(14),
        token lparen_token: required(16, "LPAREN"),
        label_token last_pick: optional(last_after(0), [13, 14]),
