---
source: crates/antlr-rust-codegen/src/generator/tests.rs
expression: calc_context
---
        rule calc_children: many(CalcContext[2]),
        rule unary: optional(UnaryContext[4]),
        token star_token: optional(8),
        token slash_token: optional(9),
        token percent_token: optional(10),
        token plus_token: optional(11),
        token minus_token: optional(12),
        label_token op: optional(nth(0), [8, 9, 10, 11, 12]),
