---
source: crates/antlr-rust-codegen/src/generator/tests.rs
expression: "rendered_context_impl(&rendered, \"MixedRepetitionFollowedContext\")"
---
        token star_tokens: many(8),
        token slash_token: optional(9),
        token plus_tokens: many(11),
        token minus_tokens: many(12),
        token num_token: required(14, "NUM"),
