---
source: crates/antlr-rust-codegen/src/generator/tests.rs
expression: rendered
---
let mut __loop_iter_1 = false;
loop {
    self.base.sync_into(atn(), 1, &mut __ctx, __loop_iter_1, &mut __sync_error)?;
    let __decision_start = antlr4_runtime::IntStream::index(self.base.input());
    let __prediction = {
        let __simulator = self.simulator.get_or_insert_with(|| antlr4_runtime::ParserAtnSimulator::new_shared(atn()));
        let __prediction_context = __simulator.intern_prediction_context(self.base.rule_context_version(), self.base.prediction_context_return_states(atn()));
        __simulator.set_exact_ambig_detection(self.base.prediction_mode() == antlr4_runtime::PredictionMode::LlExactAmbigDetection);
        __simulator.adaptive_predict_stream_info_with_context(0, 0, self.base.input(), __prediction_context)
            .map_err(|__error| match __error {
                antlr4_runtime::ParserAtnSimulatorError::NoViableAlt { index, .. } => self.base.no_viable_alternative_error_at(__decision_start, index),
                _ => self.base.no_viable_alternative_error(__decision_start),
            })?
    };
    let __prediction = if __prediction.alt == 1 {
        let __semantic_la = self.base.la(1);
        if __semantic_la == 3 && (__antlr_local_seen) {
            __prediction
        } else {
            antlr4_runtime::ParserAtnPrediction { alt: 2, ..__prediction }
        }
    } else {
        __prediction
    };
    self.base.record_generated_prediction_diagnostic(atn(), 1, &__prediction);
    match __prediction.alt {
        1 => {
            __loop_iter_1 = true;
            if !(__antlr_local_seen) {
                return Err(self.base.failed_predicate_error("semantic predicate"));
            }
            self.base.match_token_into(3, 4, atn(), &mut __ctx, &mut __consumed_eof)?;
        }
        2 => {
            break;
        }
        _ => return Err(self.base.no_viable_alternative_error(__decision_start)),
    }
}
