---
source: crates/antlr-rust-codegen/src/generator/tests.rs
expression: "rendered_context_impl(&rendered, \"ExhaustivePrefixContext\")"
---
        rule unary_children: many(UnaryContext[4]),
        token num_token: required(14, "NUM"),
        label_rule pick: required(nth(1), UnaryContext[4], "pick"),
