---
source: crates/antlr-rust-codegen/src/test_rig.rs
expression: rendered
---
#![allow(clippy::print_stderr, clippy::print_stdout)]

#[path = "../demo_lexer.rs"]
mod generated_lexer;

use generated_lexer::DemoLexer;

use std::ffi::OsString;
use std::fs::File;
use std::io;
use std::path::PathBuf;
use std::process::ExitCode;

use antlr4_runtime::{CommonTokenStream, InputStream};

#[allow(dead_code)] // Parser-only flags remain accepted for lexer-only TestRig invocations.
#[derive(Clone, Copy, Debug, Default)]
struct Options {
    tokens: bool,
    tree: bool,
    trace: bool,
    diagnostics: bool,
    sll: bool,
}

fn main() -> ExitCode {
    match run() {
        Ok(true) => ExitCode::SUCCESS,
        Ok(false) => ExitCode::FAILURE,
        Err(error) => {
            eprintln!("error: {error}");
            ExitCode::FAILURE
        }
    }
}

fn run() -> Result<bool, Box<dyn std::error::Error>> {
    let (options, input_files) = options_and_inputs()?;
    if input_files.is_empty() {
        let stdin = io::stdin();
        let input = InputStream::from_reader(stdin.lock())?;
        return process(input, options);
    }

    let show_names = input_files.len() > 1;
    let mut success = true;
    for input_file in input_files {
        let path = PathBuf::from(input_file);
        if show_names {
            eprintln!("{}", path.display());
        }
        match process_file(&path, options) {
            Ok(input_success) => success &= input_success,
            Err(error) => {
                eprintln!("error: {}: {error}", path.display());
                success = false;
            }
        }
    }
    Ok(success)
}

fn process_file(
    path: &std::path::Path,
    options: Options,
) -> Result<bool, Box<dyn std::error::Error>> {
    let input = InputStream::from_reader_with_source_name(
        File::open(path)?,
        path.display().to_string(),
    )?;
    process(input, options)
}

fn options_and_inputs() -> io::Result<(Options, Vec<OsString>)> {
    let mut options = Options::default();
    let mut inputs = Vec::new();
    let mut arguments = std::env::args_os().skip(1);
    while let Some(argument) = arguments.next() {
        match argument.to_str() {
            Some("--tokens") => options.tokens = true,
            Some("--tree") => options.tree = true,
            Some("--trace") => options.trace = true,
            Some("--diagnostics") => options.diagnostics = true,
            Some("--sll") => options.sll = true,
            Some("--") => {
                inputs.extend(arguments);
                break;
            }
            _ => {
                return Err(io::Error::new(
                    io::ErrorKind::InvalidInput,
                    format!("unexpected runner argument {}", argument.to_string_lossy()),
                ));
            }
        }
    }
    Ok((options, inputs))
}

fn report_lexer_errors<L: antlr4_runtime::TokenSource>(
    tokens: &mut CommonTokenStream<L>,
) -> usize {
    tokens.fill();
    let count = tokens.number_of_source_errors();
    for error in tokens.drain_source_errors() {
        if !tokens.token_source().report_error(&error) {
            eprintln!("line {}:{} {}", error.line, error.column, error.message);
        }
    }
    count
}


fn process(
    input: InputStream,
    options: Options,
) -> Result<bool, Box<dyn std::error::Error>> {
    let lexer = DemoLexer::new(input);
    let mut tokens = CommonTokenStream::try_new(lexer)?;
    let lexer_errors = report_lexer_errors(&mut tokens);
    if options.tokens {
        for token in tokens.tokens() {
            println!("{token}");
        }
    }
    Ok(lexer_errors == 0)
}
