---
source: src/vocabulary.rs
expression: classification
---
[
    (
        0,
        "<INVALID>",
        None,
        None,
    ),
    (
        1,
        "TOKEN_REF",
        None,
        Some(
            "TOKEN_REF",
        ),
    ),
    (
        2,
        "RULE_REF",
        None,
        Some(
            "RULE_REF",
        ),
    ),
    (
        3,
        "'//'",
        Some(
            "'//'",
        ),
        None,
    ),
    (
        4,
        "'/'",
        Some(
            "'/'",
        ),
        None,
    ),
    (
        5,
        "'*'",
        Some(
            "'*'",
        ),
        None,
    ),
    (
        6,
        "'!'",
        Some(
            "'!'",
        ),
        None,
    ),
    (
        7,
        "ID",
        None,
        Some(
            "ID",
        ),
    ),
    (
        8,
        "STRING",
        None,
        Some(
            "STRING",
        ),
    ),
]
