---
source: src/xpath.rs
expression: results
---
[
    (
        "/prog/func",
        [
            "func",
            "func",
        ],
    ),
    (
        "/prog/*",
        [
            "func",
            "func",
        ],
    ),
    (
        "/*/func",
        [
            "func",
            "func",
        ],
    ),
    (
        "prog",
        [
            "prog",
        ],
    ),
    (
        "/prog",
        [
            "prog",
        ],
    ),
    (
        "/*",
        [
            "prog",
        ],
    ),
    (
        "*",
        [
            "prog",
        ],
    ),
    (
        "//ID",
        [
            "f",
            "x",
            "y",
            "x",
            "y",
            "g",
            "x",
            "x",
        ],
    ),
    (
        "//expr/primary/ID",
        [
            "y",
            "x",
        ],
    ),
    (
        "//body//ID",
        [
            "x",
            "y",
            "x",
        ],
    ),
    (
        "//'return'",
        [
            "return",
        ],
    ),
    (
        "//RETURN",
        [
            "return",
        ],
    ),
    (
        "//primary/*",
        [
            "3",
            "4",
            "y",
            "1",
            "2",
            "x",
        ],
    ),
    (
        "//func/*/stat",
        [
            "stat",
            "stat",
            "stat",
            "stat",
        ],
    ),
    (
        "/prog/func/'def'",
        [
            "def",
            "def",
        ],
    ),
    (
        "//stat/';'",
        [
            ";",
            ";",
            ";",
            ";",
        ],
    ),
    (
        "//expr/primary/!ID",
        [
            "3",
            "4",
            "1",
            "2",
        ],
    ),
    (
        "//expr/!primary",
        [
            "expr",
            "expr",
            "expr",
            "expr",
            "expr",
            "expr",
        ],
    ),
    (
        "//!*",
        [],
    ),
    (
        "/!*",
        [],
    ),
    (
        "//expr//ID",
        [
            "y",
            "x",
        ],
    ),
]
