---
source: src/xpath.rs
expression: results
---
[
    (
        "//ID",
        [
            "f",
            "x",
            "y",
            "x",
            "y",
            "g",
            "x",
            "x",
        ],
    ),
    (
        "//!ID",
        [
            "f",
            "x",
            "y",
            "x",
            "y",
            "g",
            "x",
            "x",
        ],
    ),
    (
        "//expr",
        [
            "expr",
            "expr",
            "expr",
            "expr",
            "expr",
            "expr",
            "expr",
            "expr",
            "expr",
        ],
    ),
    (
        "//!expr",
        [
            "expr",
            "expr",
            "expr",
            "expr",
            "expr",
            "expr",
            "expr",
            "expr",
            "expr",
        ],
    ),
]
