---
source: crates/antlr-rust-runtime/src/tree_pattern.rs
expression: errors
---
[
    (
        "<ID",
        "unterminated tag in pattern: <ID",
    ),
    (
        "ID>",
        "missing start tag in pattern: ID>",
    ),
    (
        "><",
        "tag delimiters out of order in pattern: ><",
    ),
    (
        "<>",
        "empty tag in pattern: <>",
    ),
    (
        "<a:>",
        "empty tag in pattern: <a:>",
    ),
    (
        "<a<b>>",
        "tag delimiters out of order in pattern: <a<b>>",
    ),
]
